{
  "version": "1.5.0",
  "plugins_used": [
    {
      "name": "ArtifactoryDetector"
    },
    {
      "name": "AWSKeyDetector"
    },
    {
      "name": "AzureStorageKeyDetector"
    },
    {
      "name": "Base64HighEntropyString",
      "limit": 4.5
    },
    {
      "name": "BasicAuthDetector"
    },
    {
      "name": "CloudantDetector"
    },
    {
      "name": "DiscordBotTokenDetector"
    },
    {
      "name": "GitHubTokenDetector"
    },
    {
      "name": "GitLabTokenDetector"
    },
    {
      "name": "HexHighEntropyString",
      "limit": 3.0
    },
    {
      "name": "IbmCloudIamDetector"
    },
    {
      "name": "IbmCosHmacDetector"
    },
    {
      "name": "IPPublicDetector"
    },
    {
      "name": "JwtTokenDetector"
    },
    {
      "name": "KeywordDetector",
      "keyword_exclude": ""
    },
    {
      "name": "MailchimpDetector"
    },
    {
      "name": "NpmDetector"
    },
    {
      "name": "OpenAIDetector"
    },
    {
      "name": "PrivateKeyDetector"
    },
    {
      "name": "PypiTokenDetector"
    },
    {
      "name": "SendGridDetector"
    },
    {
      "name": "SlackDetector"
    },
    {
      "name": "SoftlayerDetector"
    },
    {
      "name": "SquareOAuthDetector"
    },
    {
      "name": "StripeDetector"
    },
    {
      "name": "TelegramBotTokenDetector"
    },
    {
      "name": "TwilioKeyDetector"
    }
  ],
  "filters_used": [
    {
      "path": "detect_secrets.filters.allowlist.is_line_allowlisted"
    },
    {
      "path": "detect_secrets.filters.common.is_ignored_due_to_verification_policies",
      "min_level": 2
    },
    {
      "path": "detect_secrets.filters.heuristic.is_indirect_reference"
    },
    {
      "path": "detect_secrets.filters.heuristic.is_likely_id_string"
    },
    {
      "path": "detect_secrets.filters.heuristic.is_lock_file"
    },
    {
      "path": "detect_secrets.filters.heuristic.is_not_alphanumeric_string"
    },
    {
      "path": "detect_secrets.filters.heuristic.is_potential_uuid"
    },
    {
      "path": "detect_secrets.filters.heuristic.is_prefixed_with_dollar_sign"
    },
    {
      "path": "detect_secrets.filters.heuristic.is_sequential_string"
    },
    {
      "path": "detect_secrets.filters.heuristic.is_swagger_file"
    },
    {
      "path": "detect_secrets.filters.heuristic.is_templated_secret"
    },
    {
      "path": "detect_secrets.filters.regex.should_exclude_file",
      "pattern": [
        "static/|staticfiles/|.*\\.min\\.js$|.*\\.map$|\\.venv/"
      ]
    }
  ],
  "results": {
    "apps/commercial/tests/test_forms.py": [
      {
        "type": "Secret Keyword",
        "filename": "apps/commercial/tests/test_forms.py",
        "hashed_secret": "c50a912ccecc533818711fed86bdc6242579d916",
        "is_verified": false,
        "line_number": 63,
        "is_secret": false
      },
      {
        "type": "Secret Keyword",
        "filename": "apps/commercial/tests/test_forms.py",
        "hashed_secret": "071022f28f4e652674efca673e8cdc6583c4ef88",
        "is_verified": false,
        "line_number": 82,
        "is_secret": false
      }
    ],
    "apps/commercial/tests/test_views.py": [
      {
        "type": "Secret Keyword",
        "filename": "apps/commercial/tests/test_views.py",
        "hashed_secret": "c50a912ccecc533818711fed86bdc6242579d916",
        "is_verified": false,
        "line_number": 83,
        "is_secret": false
      }
    ],
    "apps/user_auth/tests/test_forms.py": [
      {
        "type": "Secret Keyword",
        "filename": "apps/user_auth/tests/test_forms.py",
        "hashed_secret": "2da80400ed256b59fe72568f8f06e55bb1862603",
        "is_verified": false,
        "line_number": 13,
        "is_secret": false
      },
      {
        "type": "Secret Keyword",
        "filename": "apps/user_auth/tests/test_forms.py",
        "hashed_secret": "071022f28f4e652674efca673e8cdc6583c4ef88",
        "is_verified": false,
        "line_number": 31,
        "is_secret": false
      }
    ],
    "apps/user_auth/tests/test_login.py": [
      {
        "type": "Secret Keyword",
        "filename": "apps/user_auth/tests/test_login.py",
        "hashed_secret": "5baa61e4c9b93f3f0682250b6cf8331b7ee68fd8",
        "is_verified": false,
        "line_number": 19,
        "is_secret": false
      },
      {
        "type": "Secret Keyword",
        "filename": "apps/user_auth/tests/test_login.py",
        "hashed_secret": "a4b48a81cdab1e1a5dd37907d6c85ca1c61ddc7c",
        "is_verified": false,
        "line_number": 30,
        "is_secret": false
      }
    ],
    "apps/user_auth/tests/test_views.py": [
      {
        "type": "Secret Keyword",
        "filename": "apps/user_auth/tests/test_views.py",
        "hashed_secret": "2b06aefb667695aff5414738517b75384dee7f43",
        "is_verified": false,
        "line_number": 73,
        "is_secret": false
      }
    ],
    "env.sample": [
      {
        "type": "Secret Keyword",
        "filename": "env.sample",
        "hashed_secret": "f9ddc90157c588ce310b85c62fe82b7e76c94a87",
        "is_verified": false,
        "line_number": 10,
        "is_secret": false
      },
      {
        "type": "Secret Keyword",
        "filename": "env.sample",
        "hashed_secret": "ed9cf7c16bae2921cab12930ab4fae56ea0b08aa",
        "is_verified": false,
        "line_number": 32,
        "is_secret": false
      },
      {
        "type": "Secret Keyword",
        "filename": "env.sample",
        "hashed_secret": "784cbb7ca1dbb7fb9eed4d145a47140c0f89c3ec",
        "is_verified": false,
        "line_number": 45,
        "is_secret": false
      }
    ]
  },
  "generated_at": "2026-08-05T17:16:11Z"
}
